../Core/Src/main.c:80:6:HAL_UART_RxCpltCallback	16	static
../Core/Src/main.c:112:5:main	8	static
../Core/Src/main.c:176:6:SystemClock_Config	88	static
../Core/Src/main.c:222:13:MX_I2C1_Init	8	static
../Core/Src/main.c:256:13:MX_I2S3_Init	8	static
../Core/Src/main.c:290:13:MX_SPI1_Init	8	static
../Core/Src/main.c:328:13:MX_USART2_UART_Init	8	static
../Core/Src/main.c:359:13:MX_DMA_Init	16	static
../Core/Src/main.c:377:13:MX_GPIO_Init	56	static
../Core/Src/main.c:476:6:Error_Handler	4	static,ignoring_inline_asm
