../../Middlewares/ST/touchgfx/framework/include/touchgfx/Screen.hpp:104:18:virtual void touchgfx::Screen::afterTransition()	0	static
../../Middlewares/ST/touchgfx/framework/include/touchgfx/Screen.hpp:154:18:virtual void touchgfx::Screen::handleKeyEvent(uint8_t)	0	static
../../TouchGFX/generated/gui_generated/include/gui_generated/screen1_screen/Screen1ViewBase.hpp:27:18:virtual void Screen1ViewBase::action1()	0	static
C:/TouchGFXProjects/STM32H750B_ALARM_SYSTEM_V1/TouchGFX/gui/src/screen1_screen/Screen1View.cpp:18:6:virtual void Screen1View::tearDownScreen()	0	static
C:/TouchGFXProjects/STM32H750B_ALARM_SYSTEM_V1/TouchGFX/gui/src/screen1_screen/Screen1View.cpp:264:6:virtual void Screen1View::uart_Data(char*)	0	static
../../TouchGFX/gui/include/gui/screen1_screen/Screen1View.hpp:11:13:Screen1View::~Screen1View()	8	static
../../TouchGFX/gui/include/gui/screen1_screen/Screen1View.hpp:11:13:virtual Screen1View::~Screen1View()	8	static
C:/TouchGFXProjects/STM32H750B_ALARM_SYSTEM_V1/TouchGFX/gui/src/screen1_screen/Screen1View.cpp:246:6:virtual void Screen1View::clickButton1()	8	static
C:/TouchGFXProjects/STM32H750B_ALARM_SYSTEM_V1/TouchGFX/gui/src/screen1_screen/Screen1View.cpp:248:6:virtual void Screen1View::clickButton2()	8	static
C:/TouchGFXProjects/STM32H750B_ALARM_SYSTEM_V1/TouchGFX/gui/src/screen1_screen/Screen1View.cpp:250:6:virtual void Screen1View::clickButton3()	8	static
C:/TouchGFXProjects/STM32H750B_ALARM_SYSTEM_V1/TouchGFX/gui/src/screen1_screen/Screen1View.cpp:252:6:virtual void Screen1View::clickButton4()	8	static
C:/TouchGFXProjects/STM32H750B_ALARM_SYSTEM_V1/TouchGFX/gui/src/screen1_screen/Screen1View.cpp:254:6:virtual void Screen1View::clickButton5()	8	static
C:/TouchGFXProjects/STM32H750B_ALARM_SYSTEM_V1/TouchGFX/gui/src/screen1_screen/Screen1View.cpp:256:6:virtual void Screen1View::clickButton6()	8	static
C:/TouchGFXProjects/STM32H750B_ALARM_SYSTEM_V1/TouchGFX/gui/src/screen1_screen/Screen1View.cpp:258:6:virtual void Screen1View::clickButton7()	8	static
C:/TouchGFXProjects/STM32H750B_ALARM_SYSTEM_V1/TouchGFX/gui/src/screen1_screen/Screen1View.cpp:260:6:virtual void Screen1View::clickButton8()	8	static
C:/TouchGFXProjects/STM32H750B_ALARM_SYSTEM_V1/TouchGFX/gui/src/screen1_screen/Screen1View.cpp:262:6:virtual void Screen1View::clickButton9()	8	static
C:/TouchGFXProjects/STM32H750B_ALARM_SYSTEM_V1/TouchGFX/gui/src/screen1_screen/Screen1View.cpp:6:1:Screen1View::Screen1View()	8	static
C:/TouchGFXProjects/STM32H750B_ALARM_SYSTEM_V1/TouchGFX/gui/src/screen1_screen/Screen1View.cpp:94:6:virtual void Screen1View::sceneShowKeypad()	16	static
C:/TouchGFXProjects/STM32H750B_ALARM_SYSTEM_V1/TouchGFX/gui/src/screen1_screen/Screen1View.cpp:23:6:virtual void Screen1View::handleTickEvent()	24	static
C:/TouchGFXProjects/STM32H750B_ALARM_SYSTEM_V1/TouchGFX/gui/src/screen1_screen/Screen1View.cpp:117:6:virtual void Screen1View::sceneHideKeypad()	16	static
C:/TouchGFXProjects/STM32H750B_ALARM_SYSTEM_V1/TouchGFX/gui/src/screen1_screen/Screen1View.cpp:85:6:virtual void Screen1View::setSceneInit()	16	static
C:/TouchGFXProjects/STM32H750B_ALARM_SYSTEM_V1/TouchGFX/gui/src/screen1_screen/Screen1View.cpp:142:6:virtual void Screen1View::setPolice(bool)	0	static
C:/TouchGFXProjects/STM32H750B_ALARM_SYSTEM_V1/TouchGFX/gui/src/screen1_screen/Screen1View.cpp:149:6:virtual void Screen1View::activateAlarmSystem()	16	static
C:/TouchGFXProjects/STM32H750B_ALARM_SYSTEM_V1/TouchGFX/gui/src/screen1_screen/Screen1View.cpp:170:6:virtual void Screen1View::activateOngoingAlarm()	8	static
C:/TouchGFXProjects/STM32H750B_ALARM_SYSTEM_V1/TouchGFX/gui/src/screen1_screen/Screen1View.cpp:191:6:virtual void Screen1View::deactivateAlarmSystem()	16	static
C:/TouchGFXProjects/STM32H750B_ALARM_SYSTEM_V1/TouchGFX/gui/src/screen1_screen/Screen1View.cpp:179:6:virtual void Screen1View::preventActivationAlarmSystem()	8	static
C:/TouchGFXProjects/STM32H750B_ALARM_SYSTEM_V1/TouchGFX/gui/src/screen1_screen/Screen1View.cpp:218:6:virtual void Screen1View::updatePinNumber(int)	56	dynamic
C:/TouchGFXProjects/STM32H750B_ALARM_SYSTEM_V1/TouchGFX/gui/src/screen1_screen/Screen1View.cpp:237:6:virtual void Screen1View::updateInvalidPinNumber()	8	static
C:/TouchGFXProjects/STM32H750B_ALARM_SYSTEM_V1/TouchGFX/gui/src/screen1_screen/Screen1View.cpp:12:6:virtual void Screen1View::setupScreen()	16	static
