../../TouchGFX/gui/include/gui/screen1_screen/Screen1Presenter.hpp:28:13:Screen1Presenter::~Screen1Presenter()	0	static
C:/TouchGFXProjects/STM32H750B_ALARM_SYSTEM_V1/TouchGFX/gui/src/screen1_screen/Screen1Presenter.cpp:10:6:virtual void Screen1Presenter::activate()	0	static
C:/TouchGFXProjects/STM32H750B_ALARM_SYSTEM_V1/TouchGFX/gui/src/screen1_screen/Screen1Presenter.cpp:26:6:virtual void Screen1Presenter::setPolice(bool)	0	static
C:/TouchGFXProjects/STM32H750B_ALARM_SYSTEM_V1/TouchGFX/gui/src/screen1_screen/Screen1Presenter.cpp:34:6:virtual void Screen1Presenter::activateOngoingAlarm()	0	static
C:/TouchGFXProjects/STM32H750B_ALARM_SYSTEM_V1/TouchGFX/gui/src/screen1_screen/Screen1Presenter.cpp:36:6:virtual void Screen1Presenter::deactivateAlarmSystem()	0	static
C:/TouchGFXProjects/STM32H750B_ALARM_SYSTEM_V1/TouchGFX/gui/src/screen1_screen/Screen1Presenter.cpp:40:6:virtual void Screen1Presenter::updatePinNumber(int)	0	static
C:/TouchGFXProjects/STM32H750B_ALARM_SYSTEM_V1/TouchGFX/gui/src/screen1_screen/Screen1Presenter.cpp:42:6:virtual void Screen1Presenter::updateInvalidPinNumber()	0	static
C:/TouchGFXProjects/STM32H750B_ALARM_SYSTEM_V1/TouchGFX/gui/src/screen1_screen/Screen1Presenter.cpp:63:6:virtual void Screen1Presenter::uart_Data(char*)	0	static
../../TouchGFX/gui/include/gui/screen1_screen/Screen1Presenter.hpp:28:13:virtual Screen1Presenter::~Screen1Presenter()	8	static
C:/TouchGFXProjects/STM32H750B_ALARM_SYSTEM_V1/TouchGFX/gui/src/screen1_screen/Screen1Presenter.cpp:20:6:virtual bool Screen1Presenter::getAlarmSystemState()	0	static
C:/TouchGFXProjects/STM32H750B_ALARM_SYSTEM_V1/TouchGFX/gui/src/screen1_screen/Screen1Presenter.cpp:22:6:virtual bool Screen1Presenter::getCountdownAlarmSetState()	0	static
C:/TouchGFXProjects/STM32H750B_ALARM_SYSTEM_V1/TouchGFX/gui/src/screen1_screen/Screen1Presenter.cpp:24:6:virtual bool Screen1Presenter::getCountdownOngoingAlarmSetState()	0	static
C:/TouchGFXProjects/STM32H750B_ALARM_SYSTEM_V1/TouchGFX/gui/src/screen1_screen/Screen1Presenter.cpp:28:5:virtual int Screen1Presenter::countdownAlarmSetTick()	0	static
C:/TouchGFXProjects/STM32H750B_ALARM_SYSTEM_V1/TouchGFX/gui/src/screen1_screen/Screen1Presenter.cpp:30:5:virtual int Screen1Presenter::countdownOngoingAlarmSetTick()	0	static
C:/TouchGFXProjects/STM32H750B_ALARM_SYSTEM_V1/TouchGFX/gui/src/screen1_screen/Screen1Presenter.cpp:32:6:virtual void Screen1Presenter::activateAlarmSystem()	0	static
C:/TouchGFXProjects/STM32H750B_ALARM_SYSTEM_V1/TouchGFX/gui/src/screen1_screen/Screen1Presenter.cpp:38:6:virtual void Screen1Presenter::stopCountdownAlarmSet()	0	static
C:/TouchGFXProjects/STM32H750B_ALARM_SYSTEM_V1/TouchGFX/gui/src/screen1_screen/Screen1Presenter.cpp:44:6:virtual void Screen1Presenter::clickButton1()	0	static
C:/TouchGFXProjects/STM32H750B_ALARM_SYSTEM_V1/TouchGFX/gui/src/screen1_screen/Screen1Presenter.cpp:46:6:virtual void Screen1Presenter::clickButton2()	0	static
C:/TouchGFXProjects/STM32H750B_ALARM_SYSTEM_V1/TouchGFX/gui/src/screen1_screen/Screen1Presenter.cpp:48:6:virtual void Screen1Presenter::clickButton3()	0	static
C:/TouchGFXProjects/STM32H750B_ALARM_SYSTEM_V1/TouchGFX/gui/src/screen1_screen/Screen1Presenter.cpp:50:6:virtual void Screen1Presenter::clickButton4()	0	static
C:/TouchGFXProjects/STM32H750B_ALARM_SYSTEM_V1/TouchGFX/gui/src/screen1_screen/Screen1Presenter.cpp:52:6:virtual void Screen1Presenter::clickButton5()	0	static
C:/TouchGFXProjects/STM32H750B_ALARM_SYSTEM_V1/TouchGFX/gui/src/screen1_screen/Screen1Presenter.cpp:54:6:virtual void Screen1Presenter::clickButton6()	0	static
C:/TouchGFXProjects/STM32H750B_ALARM_SYSTEM_V1/TouchGFX/gui/src/screen1_screen/Screen1Presenter.cpp:56:6:virtual void Screen1Presenter::clickButton7()	0	static
C:/TouchGFXProjects/STM32H750B_ALARM_SYSTEM_V1/TouchGFX/gui/src/screen1_screen/Screen1Presenter.cpp:58:6:virtual void Screen1Presenter::clickButton8()	0	static
C:/TouchGFXProjects/STM32H750B_ALARM_SYSTEM_V1/TouchGFX/gui/src/screen1_screen/Screen1Presenter.cpp:60:6:virtual void Screen1Presenter::clickButton9()	0	static
../../TouchGFX/gui/include/gui/screen1_screen/Screen1Presenter.hpp:28:13:virtual void* Screen1Presenter::_ZThn4_N16Screen1PresenterD1Ev()	0	static
../../TouchGFX/gui/include/gui/screen1_screen/Screen1Presenter.hpp:28:13:virtual void* Screen1Presenter::_ZThn4_N16Screen1PresenterD0Ev()	16	static
../../TouchGFX/gui/include/gui/screen1_screen/Screen1Presenter.hpp:40:18:virtual void Screen1Presenter::_ZThn4_N16Screen1Presenter20activateOngoingAlarmEv()	0	static
../../TouchGFX/gui/include/gui/screen1_screen/Screen1Presenter.hpp:36:18:virtual void Screen1Presenter::_ZThn4_N16Screen1Presenter21deactivateAlarmSystemEv()	0	static
../../TouchGFX/gui/include/gui/screen1_screen/Screen1Presenter.hpp:33:18:virtual void Screen1Presenter::_ZThn4_N16Screen1Presenter22updateInvalidPinNumberEv()	0	static
../../TouchGFX/gui/include/gui/screen1_screen/Screen1Presenter.hpp:57:18:virtual void Screen1Presenter::_ZThn4_N16Screen1Presenter9uart_DataEPc(char*)	0	static
../../TouchGFX/gui/include/gui/screen1_screen/Screen1Presenter.hpp:30:18:virtual void Screen1Presenter::_ZThn4_N16Screen1Presenter9setPoliceEb(bool)	0	static
../../TouchGFX/gui/include/gui/screen1_screen/Screen1Presenter.hpp:32:18:virtual void Screen1Presenter::_ZThn4_N16Screen1Presenter15updatePinNumberEi(int)	0	static
C:/TouchGFXProjects/STM32H750B_ALARM_SYSTEM_V1/TouchGFX/gui/src/screen1_screen/Screen1Presenter.cpp:4:1:Screen1Presenter::Screen1Presenter(Screen1View&)	4	static
